    Checking strata-core v0.1.1 (/Users/master/cyber/.worktrees/selfhost-0.4-finalization-20261002/stream/strata/core)
    Checking cyber-hemera v0.3.1 (/Users/master/cyber/.worktrees/selfhost-0.4-finalization-20261002/stream/hemera/rs)
    Checking strata-ext v0.1.1 (/Users/master/cyber/.worktrees/selfhost-0.4-finalization-20261002/stream/strata/ext)
    Checking strata-proof v0.1.1 (/Users/master/cyber/.worktrees/selfhost-0.4-finalization-20261002/stream/strata/proof)
    Checking strata-compute v0.1.1 (/Users/master/cyber/.worktrees/selfhost-0.4-finalization-20261002/stream/strata/compute)
    Checking strata-nebu v0.1.1 (/Users/master/cyber/.worktrees/selfhost-0.4-finalization-20261002/stream/strata/nebu/rs)
    Checking strata-jali v0.1.1 (/Users/master/cyber/.worktrees/selfhost-0.4-finalization-20261002/stream/strata/jali/rs)
    Checking cyber-lens-core v0.1.2 (/Users/master/cyber/.worktrees/selfhost-0.4-finalization-20261002/stream/lens/core)
    Checking strata-genies v0.1.1 (/Users/master/cyber/.worktrees/selfhost-0.4-finalization-20261002/stream/strata/genies/rs)
    Checking strata-kuro v0.1.1 (/Users/master/cyber/.worktrees/selfhost-0.4-finalization-20261002/stream/strata/kuro/rs)
    Checking cyber-lens-brakedown v0.2.0 (/Users/master/cyber/.worktrees/selfhost-0.4-finalization-20261002/stream/lens/brakedown)
    Checking strata-trop v0.1.1 (/Users/master/cyber/.worktrees/selfhost-0.4-finalization-20261002/stream/strata/trop/rs)
    Checking cyber-lens-ikat v0.2.0 (/Users/master/cyber/.worktrees/selfhost-0.4-finalization-20261002/stream/lens/ikat)
    Checking cyber-lens-assayer v0.2.0 (/Users/master/cyber/.worktrees/selfhost-0.4-finalization-20261002/stream/lens/assayer)
    Checking cyber-lens-binius v0.1.1 (/Users/master/cyber/.worktrees/selfhost-0.4-finalization-20261002/stream/lens/binius)
    Checking cyber-lens-porphyry v0.2.0 (/Users/master/cyber/.worktrees/selfhost-0.4-finalization-20261002/stream/lens/porphyry)
    Checking cyber-nox v0.3.0 (/Users/master/cyber/.worktrees/selfhost-0.4-finalization-20261002/stream/nox/rs)
    Checking cyber-lens v0.2.0 (/Users/master/cyber/.worktrees/selfhost-0.4-finalization-20261002/stream/lens/src)
    Checking tade v0.1.0 (/Users/master/cyber/.worktrees/selfhost-0.4-finalization-20261002/stream/tade/impl/rust)
    Checking zheng v0.4.0 (/Users/master/cyber/.worktrees/selfhost-0.4-finalization-20261002/stream/zheng/rs)
    Checking zheng-cli v0.2.0 (/Users/master/cyber/.worktrees/selfhost-0.4-finalization-20261002/stream/zheng/cli)
    Finished `release` profile [optimized] target(s) in 1.42s
