    Checking strata-core v0.1.1 (/Users/master/cyber/.worktrees/selfhost-0.4-finalization-20261002/proof/strata/core)
   Compiling serde v1.0.229
    Checking cfg-if v1.0.5
    Checking byteorder v1.5.0
    Checking zeroize v1.9.0
    Checking stable_deref_trait v1.2.1
    Checking memchr v2.8.3
    Checking serde_core v1.0.229
    Checking libc v0.2.189
    Checking zmij v1.0.23
    Checking itoa v1.0.18
    Checking bytes v1.12.1
    Checking thiserror v2.0.20
    Checking strata-proof v0.1.1 (/Users/master/cyber/.worktrees/selfhost-0.4-finalization-20261002/proof/strata/proof)
    Checking strata-ext v0.1.1 (/Users/master/cyber/.worktrees/selfhost-0.4-finalization-20261002/proof/strata/ext)
    Checking strata-compute v0.1.1 (/Users/master/cyber/.worktrees/selfhost-0.4-finalization-20261002/proof/strata/compute)
    Checking strata-trop v0.1.1 (/Users/master/cyber/.worktrees/selfhost-0.4-finalization-20261002/proof/strata/trop/rs)
    Checking cobs v0.3.0
    Checking hash32 v0.2.1
    Checking strata-genies v0.1.1 (/Users/master/cyber/.worktrees/selfhost-0.4-finalization-20261002/proof/strata/genies/rs)
    Checking strata-kuro v0.1.1 (/Users/master/cyber/.worktrees/selfhost-0.4-finalization-20261002/proof/strata/kuro/rs)
    Checking getrandom v0.3.4
    Checking tade v0.1.0 (/Users/master/cyber/.worktrees/selfhost-0.4-finalization-20261002/proof/tade/impl/rust)
    Checking serde_json v1.0.151
    Checking strata-nebu v0.1.1 (/Users/master/cyber/.worktrees/selfhost-0.4-finalization-20261002/proof/strata/nebu/rs)
    Checking cyber-hemera v0.3.1 (/Users/master/cyber/.worktrees/selfhost-0.4-finalization-20261002/proof/hemera/rs)
    Checking heapless v0.7.17
    Checking strata-jali v0.1.1 (/Users/master/cyber/.worktrees/selfhost-0.4-finalization-20261002/proof/strata/jali/rs)
    Checking postcard v1.1.3
    Checking cyber-lens-core v0.1.2 (/Users/master/cyber/.worktrees/selfhost-0.4-finalization-20261002/proof/lens/core)
    Checking cyber-lens-brakedown v0.2.0 (/Users/master/cyber/.worktrees/selfhost-0.4-finalization-20261002/proof/lens/brakedown)
    Checking cyber-lens-binius v0.1.1 (/Users/master/cyber/.worktrees/selfhost-0.4-finalization-20261002/proof/lens/binius)
    Checking cyber-lens-porphyry v0.2.0 (/Users/master/cyber/.worktrees/selfhost-0.4-finalization-20261002/proof/lens/porphyry)
    Checking cyber-lens-ikat v0.2.0 (/Users/master/cyber/.worktrees/selfhost-0.4-finalization-20261002/proof/lens/ikat)
    Checking cyber-lens-assayer v0.2.0 (/Users/master/cyber/.worktrees/selfhost-0.4-finalization-20261002/proof/lens/assayer)
    Checking cyber-nox v0.3.0 (/Users/master/cyber/.worktrees/selfhost-0.4-finalization-20261002/proof/nox/rs)
    Checking cyber-lens v0.2.0 (/Users/master/cyber/.worktrees/selfhost-0.4-finalization-20261002/proof/lens/src)
    Checking zheng v0.4.0 (/Users/master/cyber/.worktrees/selfhost-0.4-finalization-20261002/proof/zheng/rs)
    Checking zheng-cli v0.2.0 (/Users/master/cyber/.worktrees/selfhost-0.4-finalization-20261002/proof/zheng/cli)
    Finished `release` profile [optimized] target(s) in 2.14s
