   Compiling proc-macro2 v1.0.107
   Compiling quote v1.0.47
   Compiling unicode-ident v1.0.24
   Compiling serde_core v1.0.229
   Compiling syn v3.0.5
    Checking strata-core v0.1.1 (/Users/master/cyber/.worktrees/selfhost-0.4-finalization-20261002/semantic/strata/core)
   Compiling serde v1.0.229
   Compiling serde_derive v1.0.229
    Checking strata-proof v0.1.1 (/Users/master/cyber/.worktrees/selfhost-0.4-finalization-20261002/semantic/strata/proof)
    Checking strata-ext v0.1.1 (/Users/master/cyber/.worktrees/selfhost-0.4-finalization-20261002/semantic/strata/ext)
    Checking strata-compute v0.1.1 (/Users/master/cyber/.worktrees/selfhost-0.4-finalization-20261002/semantic/strata/compute)
   Compiling semver v1.0.28
   Compiling rustc_version v0.4.1
   Compiling libc v0.2.189
   Compiling thiserror v2.0.20
    Checking strata-nebu v0.1.1 (/Users/master/cyber/.worktrees/selfhost-0.4-finalization-20261002/semantic/strata/nebu/rs)
    Checking cyber-hemera v0.3.1 (/Users/master/cyber/.worktrees/selfhost-0.4-finalization-20261002/semantic/hemera/rs)
    Checking strata-jali v0.1.1 (/Users/master/cyber/.worktrees/selfhost-0.4-finalization-20261002/semantic/strata/jali/rs)
   Compiling heapless v0.7.17
    Checking strata-genies v0.1.1 (/Users/master/cyber/.worktrees/selfhost-0.4-finalization-20261002/semantic/strata/genies/rs)
    Checking cyber-lens-core v0.1.2 (/Users/master/cyber/.worktrees/selfhost-0.4-finalization-20261002/semantic/lens/core)
    Checking strata-kuro v0.1.1 (/Users/master/cyber/.worktrees/selfhost-0.4-finalization-20261002/semantic/strata/kuro/rs)
    Checking cyber-lens-brakedown v0.2.0 (/Users/master/cyber/.worktrees/selfhost-0.4-finalization-20261002/semantic/lens/brakedown)
   Compiling thiserror-impl v2.0.20
    Checking strata-trop v0.1.1 (/Users/master/cyber/.worktrees/selfhost-0.4-finalization-20261002/semantic/strata/trop/rs)
    Checking byteorder v1.5.0
   Compiling zmij v1.0.23
   Compiling getrandom v0.3.4
    Checking hash32 v0.2.1
    Checking cyber-lens-assayer v0.2.0 (/Users/master/cyber/.worktrees/selfhost-0.4-finalization-20261002/semantic/lens/assayer)
    Checking cyber-lens-ikat v0.2.0 (/Users/master/cyber/.worktrees/selfhost-0.4-finalization-20261002/semantic/lens/ikat)
    Checking cyber-lens-binius v0.1.1 (/Users/master/cyber/.worktrees/selfhost-0.4-finalization-20261002/semantic/lens/binius)
    Checking cyber-lens-porphyry v0.2.0 (/Users/master/cyber/.worktrees/selfhost-0.4-finalization-20261002/semantic/lens/porphyry)
    Checking stable_deref_trait v1.2.1
    Checking cfg-if v1.0.5
   Compiling serde_json v1.0.151
    Checking cyber-lens v0.2.0 (/Users/master/cyber/.worktrees/selfhost-0.4-finalization-20261002/semantic/lens/src)
    Checking cobs v0.3.0
    Checking cyber-nox v0.3.0 (/Users/master/cyber/.worktrees/selfhost-0.4-finalization-20261002/semantic/nox/rs)
    Checking memchr v2.8.3
    Checking itoa v1.0.18
    Checking zeroize v1.9.0
    Checking postcard v1.1.3
    Checking zheng v0.4.0 (/Users/master/cyber/.worktrees/selfhost-0.4-finalization-20261002/semantic/zheng/rs)
    Finished `dev` profile [unoptimized + debuginfo] target(s) in 6.52s
